// Jest Snapshot v1, https://goo.gl/fbAQLP

exports[`ScrollingText should match the snapshot with all data passed in correctly 1`] = `
<section
  className="scroll-section"
>
  <div
    className="scrolling-container"
  >
    <div
      className="scrolling-content"
    >
      <p>
        text
      </p>
    </div>
  </div>
</section>
`;
